// Jest Snapshot v1, https://goo.gl/fbAQLP

exports[`Order should match the snapshot 1`] = `
<section>
  <img
    alt="Jeans"
    src="fancy looking jeans"
  />
  <h2>
    Jeans
  </h2>
  <p>
    Obviously pants...
  </p>
  <p>
    $
    10000000
  </p>
  <button
    onClick={[MockFunction]}
  >
    Remove From History
  </button>
</section>
`;
